// Jest Snapshot v1, https://goo.gl/fbAQLP

exports[`ChatList should render ChatList 1`] = `
ShallowWrapper {
  Symbol(enzyme.__root__): [Circular],
  Symbol(enzyme.__unrendered__): <ChatList />,
  Symbol(enzyme.__renderer__): Object {
    "batchedUpdates": [Function],
    "checkPropTypes": [Function],
    "getNode": [Function],
    "render": [Function],
    "simulateError": [Function],
    "simulateEvent": [Function],
    "unmount": [Function],
  },
  Symbol(enzyme.__node__): Object {
    "instance": null,
    "key": undefined,
    "nodeType": "function",
    "props": Object {
      "children": Array [
        <PageHeader
          backButton={false}
          title="Chats"
        />,
        <ul
          className="page chats"
        >
          <li>
            <ChatCard
              chat={
                Object {
                  "id": "2t3457345",
                  "job": Object {},
                  "messages": Array [],
                  "users": Array [
                    "1",
                    "2",
                  ],
                }
              }
            />
          </li>
        </ul>,
      ],
    },
    "ref": null,
    "rendered": Array [
      Object {
        "instance": null,
        "key": undefined,
        "nodeType": "class",
        "props": Object {
          "action": undefined,
          "actionAltText": undefined,
          "actionIcon": undefined,
          "backButton": false,
          "goBackAction": undefined,
          "history": undefined,
          "title": "Chats",
        },
        "ref": null,
        "rendered": null,
        "type": [Function],
      },
      Object {
        "instance": null,
        "key": undefined,
        "nodeType": "host",
        "props": Object {
          "children": Array [
            <li>
              <ChatCard
                chat={
                  Object {
                    "id": "2t3457345",
                    "job": Object {},
                    "messages": Array [],
                    "users": Array [
                      "1",
                      "2",
                    ],
                  }
                }
              />
            </li>,
          ],
          "className": "page chats",
        },
        "ref": null,
        "rendered": Array [
          Object {
            "instance": null,
            "key": "0",
            "nodeType": "host",
            "props": Object {
              "children": <ChatCard
                chat={
                  Object {
                    "id": "2t3457345",
                    "job": Object {},
                    "messages": Array [],
                    "users": Array [
                      "1",
                      "2",
                    ],
                  }
                }
              />,
            },
            "ref": null,
            "rendered": Object {
              "instance": null,
              "key": undefined,
              "nodeType": "function",
              "props": Object {
                "chat": Object {
                  "id": "2t3457345",
                  "job": Object {},
                  "messages": Array [],
                  "users": Array [
                    "1",
                    "2",
                  ],
                },
              },
              "ref": null,
              "rendered": null,
              "type": [Function],
            },
            "type": "li",
          },
        ],
        "type": "ul",
      },
    ],
    "type": Symbol(react.fragment),
  },
  Symbol(enzyme.__nodes__): Array [
    Object {
      "instance": null,
      "key": undefined,
      "nodeType": "function",
      "props": Object {
        "children": Array [
          <PageHeader
            backButton={false}
            title="Chats"
          />,
          <ul
            className="page chats"
          >
            <li>
              <ChatCard
                chat={
                  Object {
                    "id": "2t3457345",
                    "job": Object {},
                    "messages": Array [],
                    "users": Array [
                      "1",
                      "2",
                    ],
                  }
                }
              />
            </li>
          </ul>,
        ],
      },
      "ref": null,
      "rendered": Array [
        Object {
          "instance": null,
          "key": undefined,
          "nodeType": "class",
          "props": Object {
            "action": undefined,
            "actionAltText": undefined,
            "actionIcon": undefined,
            "backButton": false,
            "goBackAction": undefined,
            "history": undefined,
            "title": "Chats",
          },
          "ref": null,
          "rendered": null,
          "type": [Function],
        },
        Object {
          "instance": null,
          "key": undefined,
          "nodeType": "host",
          "props": Object {
            "children": Array [
              <li>
                <ChatCard
                  chat={
                    Object {
                      "id": "2t3457345",
                      "job": Object {},
                      "messages": Array [],
                      "users": Array [
                        "1",
                        "2",
                      ],
                    }
                  }
                />
              </li>,
            ],
            "className": "page chats",
          },
          "ref": null,
          "rendered": Array [
            Object {
              "instance": null,
              "key": "0",
              "nodeType": "host",
              "props": Object {
                "children": <ChatCard
                  chat={
                    Object {
                      "id": "2t3457345",
                      "job": Object {},
                      "messages": Array [],
                      "users": Array [
                        "1",
                        "2",
                      ],
                    }
                  }
                />,
              },
              "ref": null,
              "rendered": Object {
                "instance": null,
                "key": undefined,
                "nodeType": "function",
                "props": Object {
                  "chat": Object {
                    "id": "2t3457345",
                    "job": Object {},
                    "messages": Array [],
                    "users": Array [
                      "1",
                      "2",
                    ],
                  },
                },
                "ref": null,
                "rendered": null,
                "type": [Function],
              },
              "type": "li",
            },
          ],
          "type": "ul",
        },
      ],
      "type": Symbol(react.fragment),
    },
  ],
  Symbol(enzyme.__options__): Object {
    "adapter": ReactSixteenAdapter {
      "options": Object {
        "enableComponentDidUpdateOnSetState": true,
        "legacyContextMode": "parent",
        "lifecycles": Object {
          "componentDidUpdate": Object {
            "onSetState": true,
          },
          "getChildContext": Object {
            "calledByRenderer": false,
          },
          "getDerivedStateFromProps": Object {
            "hasShouldComponentUpdateBug": false,
          },
          "getSnapshotBeforeUpdate": true,
          "setState": Object {
            "skipsComponentDidUpdateOnNullish": true,
          },
        },
      },
    },
  },
  Symbol(enzyme.__childContext__): null,
}
`;
