// Jest Snapshot v1, https://goo.gl/fbAQLP

exports[`Header should render Header 1`] = `
ShallowWrapper {
  Symbol(enzyme.__root__): [Circular],
  Symbol(enzyme.__unrendered__): <Header
    user={
      Object {
        "role": "agent",
      }
    }
  />,
  Symbol(enzyme.__renderer__): Object {
    "batchedUpdates": [Function],
    "checkPropTypes": [Function],
    "getNode": [Function],
    "render": [Function],
    "simulateError": [Function],
    "simulateEvent": [Function],
    "unmount": [Function],
  },
  Symbol(enzyme.__node__): Object {
    "instance": null,
    "key": undefined,
    "nodeType": "host",
    "props": Object {
      "children": <nav>
        <ul>
          <li>
            <Link
              replace={false}
              to="/jobs"
            >
              <ForwardRef />
            </Link>
          </li>
          <li>
            <Link
              replace={false}
              to="/models"
            >
              <ForwardRef />
            </Link>
          </li>
          <li>
            <Link
              replace={false}
              to="/jobs/new"
            >
              <ForwardRef />
            </Link>
          </li>
          <li>
            <Link
              replace={false}
              to="/chats"
            >
              <ForwardRef />
            </Link>
          </li>
          <li>
            <Link
              replace={false}
              to="/profile/"
            >
              <ForwardRef />
            </Link>
          </li>
        </ul>
      </nav>,
    },
    "ref": null,
    "rendered": Object {
      "instance": null,
      "key": undefined,
      "nodeType": "host",
      "props": Object {
        "children": <ul>
          <li>
            <Link
              replace={false}
              to="/jobs"
            >
              <ForwardRef />
            </Link>
          </li>
          <li>
            <Link
              replace={false}
              to="/models"
            >
              <ForwardRef />
            </Link>
          </li>
          <li>
            <Link
              replace={false}
              to="/jobs/new"
            >
              <ForwardRef />
            </Link>
          </li>
          <li>
            <Link
              replace={false}
              to="/chats"
            >
              <ForwardRef />
            </Link>
          </li>
          <li>
            <Link
              replace={false}
              to="/profile/"
            >
              <ForwardRef />
            </Link>
          </li>
        </ul>,
      },
      "ref": null,
      "rendered": Object {
        "instance": null,
        "key": undefined,
        "nodeType": "host",
        "props": Object {
          "children": Array [
            <li>
              <Link
                replace={false}
                to="/jobs"
              >
                <ForwardRef />
              </Link>
            </li>,
            <li>
              <Link
                replace={false}
                to="/models"
              >
                <ForwardRef />
              </Link>
            </li>,
            <li>
              <Link
                replace={false}
                to="/jobs/new"
              >
                <ForwardRef />
              </Link>
            </li>,
            <li>
              <Link
                replace={false}
                to="/chats"
              >
                <ForwardRef />
              </Link>
            </li>,
            <li>
              <Link
                replace={false}
                to="/profile/"
              >
                <ForwardRef />
              </Link>
            </li>,
          ],
        },
        "ref": null,
        "rendered": Array [
          Object {
            "instance": null,
            "key": undefined,
            "nodeType": "host",
            "props": Object {
              "children": <Link
                replace={false}
                to="/jobs"
              >
                <ForwardRef />
              </Link>,
            },
            "ref": null,
            "rendered": Object {
              "instance": null,
              "key": undefined,
              "nodeType": "class",
              "props": Object {
                "children": <ForwardRef />,
                "replace": false,
                "to": "/jobs",
              },
              "ref": null,
              "rendered": Object {
                "instance": null,
                "key": undefined,
                "nodeType": "function",
                "props": Object {},
                "ref": null,
                "rendered": null,
                "type": Object {
                  "$$typeof": Symbol(react.forward_ref),
                  "render": [Function],
                },
              },
              "type": [Function],
            },
            "type": "li",
          },
          Object {
            "instance": null,
            "key": undefined,
            "nodeType": "host",
            "props": Object {
              "children": <Link
                replace={false}
                to="/models"
              >
                <ForwardRef />
              </Link>,
            },
            "ref": null,
            "rendered": Object {
              "instance": null,
              "key": undefined,
              "nodeType": "class",
              "props": Object {
                "children": <ForwardRef />,
                "replace": false,
                "to": "/models",
              },
              "ref": null,
              "rendered": Object {
                "instance": null,
                "key": undefined,
                "nodeType": "function",
                "props": Object {},
                "ref": null,
                "rendered": null,
                "type": Object {
                  "$$typeof": Symbol(react.forward_ref),
                  "render": [Function],
                },
              },
              "type": [Function],
            },
            "type": "li",
          },
          Object {
            "instance": null,
            "key": undefined,
            "nodeType": "host",
            "props": Object {
              "children": <Link
                replace={false}
                to="/jobs/new"
              >
                <ForwardRef />
              </Link>,
            },
            "ref": null,
            "rendered": Object {
              "instance": null,
              "key": undefined,
              "nodeType": "class",
              "props": Object {
                "children": <ForwardRef />,
                "replace": false,
                "to": "/jobs/new",
              },
              "ref": null,
              "rendered": Object {
                "instance": null,
                "key": undefined,
                "nodeType": "function",
                "props": Object {},
                "ref": null,
                "rendered": null,
                "type": Object {
                  "$$typeof": Symbol(react.forward_ref),
                  "render": [Function],
                },
              },
              "type": [Function],
            },
            "type": "li",
          },
          Object {
            "instance": null,
            "key": undefined,
            "nodeType": "host",
            "props": Object {
              "children": <Link
                replace={false}
                to="/chats"
              >
                <ForwardRef />
              </Link>,
            },
            "ref": null,
            "rendered": Object {
              "instance": null,
              "key": undefined,
              "nodeType": "class",
              "props": Object {
                "children": <ForwardRef />,
                "replace": false,
                "to": "/chats",
              },
              "ref": null,
              "rendered": Object {
                "instance": null,
                "key": undefined,
                "nodeType": "function",
                "props": Object {},
                "ref": null,
                "rendered": null,
                "type": Object {
                  "$$typeof": Symbol(react.forward_ref),
                  "render": [Function],
                },
              },
              "type": [Function],
            },
            "type": "li",
          },
          Object {
            "instance": null,
            "key": undefined,
            "nodeType": "host",
            "props": Object {
              "children": <Link
                replace={false}
                to="/profile/"
              >
                <ForwardRef />
              </Link>,
            },
            "ref": null,
            "rendered": Object {
              "instance": null,
              "key": undefined,
              "nodeType": "class",
              "props": Object {
                "children": <ForwardRef />,
                "replace": false,
                "to": "/profile/",
              },
              "ref": null,
              "rendered": Object {
                "instance": null,
                "key": undefined,
                "nodeType": "function",
                "props": Object {},
                "ref": null,
                "rendered": null,
                "type": Object {
                  "$$typeof": Symbol(react.forward_ref),
                  "render": [Function],
                },
              },
              "type": [Function],
            },
            "type": "li",
          },
        ],
        "type": "ul",
      },
      "type": "nav",
    },
    "type": "header",
  },
  Symbol(enzyme.__nodes__): Array [
    Object {
      "instance": null,
      "key": undefined,
      "nodeType": "host",
      "props": Object {
        "children": <nav>
          <ul>
            <li>
              <Link
                replace={false}
                to="/jobs"
              >
                <ForwardRef />
              </Link>
            </li>
            <li>
              <Link
                replace={false}
                to="/models"
              >
                <ForwardRef />
              </Link>
            </li>
            <li>
              <Link
                replace={false}
                to="/jobs/new"
              >
                <ForwardRef />
              </Link>
            </li>
            <li>
              <Link
                replace={false}
                to="/chats"
              >
                <ForwardRef />
              </Link>
            </li>
            <li>
              <Link
                replace={false}
                to="/profile/"
              >
                <ForwardRef />
              </Link>
            </li>
          </ul>
        </nav>,
      },
      "ref": null,
      "rendered": Object {
        "instance": null,
        "key": undefined,
        "nodeType": "host",
        "props": Object {
          "children": <ul>
            <li>
              <Link
                replace={false}
                to="/jobs"
              >
                <ForwardRef />
              </Link>
            </li>
            <li>
              <Link
                replace={false}
                to="/models"
              >
                <ForwardRef />
              </Link>
            </li>
            <li>
              <Link
                replace={false}
                to="/jobs/new"
              >
                <ForwardRef />
              </Link>
            </li>
            <li>
              <Link
                replace={false}
                to="/chats"
              >
                <ForwardRef />
              </Link>
            </li>
            <li>
              <Link
                replace={false}
                to="/profile/"
              >
                <ForwardRef />
              </Link>
            </li>
          </ul>,
        },
        "ref": null,
        "rendered": Object {
          "instance": null,
          "key": undefined,
          "nodeType": "host",
          "props": Object {
            "children": Array [
              <li>
                <Link
                  replace={false}
                  to="/jobs"
                >
                  <ForwardRef />
                </Link>
              </li>,
              <li>
                <Link
                  replace={false}
                  to="/models"
                >
                  <ForwardRef />
                </Link>
              </li>,
              <li>
                <Link
                  replace={false}
                  to="/jobs/new"
                >
                  <ForwardRef />
                </Link>
              </li>,
              <li>
                <Link
                  replace={false}
                  to="/chats"
                >
                  <ForwardRef />
                </Link>
              </li>,
              <li>
                <Link
                  replace={false}
                  to="/profile/"
                >
                  <ForwardRef />
                </Link>
              </li>,
            ],
          },
          "ref": null,
          "rendered": Array [
            Object {
              "instance": null,
              "key": undefined,
              "nodeType": "host",
              "props": Object {
                "children": <Link
                  replace={false}
                  to="/jobs"
                >
                  <ForwardRef />
                </Link>,
              },
              "ref": null,
              "rendered": Object {
                "instance": null,
                "key": undefined,
                "nodeType": "class",
                "props": Object {
                  "children": <ForwardRef />,
                  "replace": false,
                  "to": "/jobs",
                },
                "ref": null,
                "rendered": Object {
                  "instance": null,
                  "key": undefined,
                  "nodeType": "function",
                  "props": Object {},
                  "ref": null,
                  "rendered": null,
                  "type": Object {
                    "$$typeof": Symbol(react.forward_ref),
                    "render": [Function],
                  },
                },
                "type": [Function],
              },
              "type": "li",
            },
            Object {
              "instance": null,
              "key": undefined,
              "nodeType": "host",
              "props": Object {
                "children": <Link
                  replace={false}
                  to="/models"
                >
                  <ForwardRef />
                </Link>,
              },
              "ref": null,
              "rendered": Object {
                "instance": null,
                "key": undefined,
                "nodeType": "class",
                "props": Object {
                  "children": <ForwardRef />,
                  "replace": false,
                  "to": "/models",
                },
                "ref": null,
                "rendered": Object {
                  "instance": null,
                  "key": undefined,
                  "nodeType": "function",
                  "props": Object {},
                  "ref": null,
                  "rendered": null,
                  "type": Object {
                    "$$typeof": Symbol(react.forward_ref),
                    "render": [Function],
                  },
                },
                "type": [Function],
              },
              "type": "li",
            },
            Object {
              "instance": null,
              "key": undefined,
              "nodeType": "host",
              "props": Object {
                "children": <Link
                  replace={false}
                  to="/jobs/new"
                >
                  <ForwardRef />
                </Link>,
              },
              "ref": null,
              "rendered": Object {
                "instance": null,
                "key": undefined,
                "nodeType": "class",
                "props": Object {
                  "children": <ForwardRef />,
                  "replace": false,
                  "to": "/jobs/new",
                },
                "ref": null,
                "rendered": Object {
                  "instance": null,
                  "key": undefined,
                  "nodeType": "function",
                  "props": Object {},
                  "ref": null,
                  "rendered": null,
                  "type": Object {
                    "$$typeof": Symbol(react.forward_ref),
                    "render": [Function],
                  },
                },
                "type": [Function],
              },
              "type": "li",
            },
            Object {
              "instance": null,
              "key": undefined,
              "nodeType": "host",
              "props": Object {
                "children": <Link
                  replace={false}
                  to="/chats"
                >
                  <ForwardRef />
                </Link>,
              },
              "ref": null,
              "rendered": Object {
                "instance": null,
                "key": undefined,
                "nodeType": "class",
                "props": Object {
                  "children": <ForwardRef />,
                  "replace": false,
                  "to": "/chats",
                },
                "ref": null,
                "rendered": Object {
                  "instance": null,
                  "key": undefined,
                  "nodeType": "function",
                  "props": Object {},
                  "ref": null,
                  "rendered": null,
                  "type": Object {
                    "$$typeof": Symbol(react.forward_ref),
                    "render": [Function],
                  },
                },
                "type": [Function],
              },
              "type": "li",
            },
            Object {
              "instance": null,
              "key": undefined,
              "nodeType": "host",
              "props": Object {
                "children": <Link
                  replace={false}
                  to="/profile/"
                >
                  <ForwardRef />
                </Link>,
              },
              "ref": null,
              "rendered": Object {
                "instance": null,
                "key": undefined,
                "nodeType": "class",
                "props": Object {
                  "children": <ForwardRef />,
                  "replace": false,
                  "to": "/profile/",
                },
                "ref": null,
                "rendered": Object {
                  "instance": null,
                  "key": undefined,
                  "nodeType": "function",
                  "props": Object {},
                  "ref": null,
                  "rendered": null,
                  "type": Object {
                    "$$typeof": Symbol(react.forward_ref),
                    "render": [Function],
                  },
                },
                "type": [Function],
              },
              "type": "li",
            },
          ],
          "type": "ul",
        },
        "type": "nav",
      },
      "type": "header",
    },
  ],
  Symbol(enzyme.__options__): Object {
    "adapter": ReactSixteenAdapter {
      "options": Object {
        "enableComponentDidUpdateOnSetState": true,
        "legacyContextMode": "parent",
        "lifecycles": Object {
          "componentDidUpdate": Object {
            "onSetState": true,
          },
          "getChildContext": Object {
            "calledByRenderer": false,
          },
          "getDerivedStateFromProps": Object {
            "hasShouldComponentUpdateBug": false,
          },
          "getSnapshotBeforeUpdate": true,
          "setState": Object {
            "skipsComponentDidUpdateOnNullish": true,
          },
        },
      },
    },
  },
}
`;
